// Jest Snapshot v1, https://goo.gl/fbAQLP

exports[`MAAttributedText matches snapshot 1`] = `
<Text>
  <View
    accessibilityState={
      {
        "busy": undefined,
        "checked": undefined,
        "disabled": undefined,
        "expanded": undefined,
        "selected": undefined,
      }
    }
    accessibilityValue={
      {
        "max": undefined,
        "min": undefined,
        "now": undefined,
        "text": undefined,
      }
    }
    accessible={true}
    collapsable={false}
    focusable={true}
    onClick={[Function]}
    onResponderGrant={[Function]}
    onResponderMove={[Function]}
    onResponderRelease={[Function]}
    onResponderTerminate={[Function]}
    onResponderTerminationRequest={[Function]}
    onStartShouldSetResponder={[Function]}
    style={
      {
        "opacity": 1,
      }
    }
  >
    <Text
      style={
        {
          "color": "blue",
        }
      }
    >
      Click
    </Text>
  </View>
   here to 
  <Text
    style={
      {
        "fontWeight": "bold",
      }
    }
  >
    continue
  </Text>
</Text>
`;
